\BOOKMARK [1][-]{section.1}{\376\377\000S\000c\000o\000p\000e\000\040\000a\000n\000d\000\040\000N\000o\000t\000a\000t\000i\000o\000n}{}% 1
\BOOKMARK [1][-]{section.2}{\376\377\000C\000o\000u\000p\000o\000n\000\040\000S\000c\000h\000e\000d\000u\000l\000e\000\040\000C\000o\000n\000s\000t\000r\000u\000c\000t\000i\000o\000n}{}% 2
\BOOKMARK [1][-]{section.3}{\376\377\000B\000o\000n\000d\000\040\000P\000r\000i\000c\000i\000n\000g}{}% 3
\BOOKMARK [2][-]{subsection.3.1}{\376\377\000F\000u\000l\000l\000-\000p\000e\000r\000i\000o\000d\000\040\000p\000r\000i\000c\000i\000n\000g}{section.3}% 4
\BOOKMARK [2][-]{subsection.3.2}{\376\377\000F\000r\000a\000c\000t\000i\000o\000n\000a\000l\000-\000p\000e\000r\000i\000o\000d\000\040\000p\000r\000i\000c\000i\000n\000g\000\040\000\050\000s\000e\000t\000t\000l\000e\000m\000e\000n\000t\000\040\000b\000e\000t\000w\000e\000e\000n\000\040\000c\000o\000u\000p\000o\000n\000\040\000d\000a\000t\000e\000s\000\051}{section.3}% 5
\BOOKMARK [1][-]{section.4}{\376\377\000A\000c\000c\000r\000u\000e\000d\000\040\000I\000n\000t\000e\000r\000e\000s\000t\000\040\000a\000n\000d\000\040\000C\000l\000e\000a\000n\000\040\000v\000s\000.\000\040\000D\000i\000r\000t\000y\000\040\000P\000r\000i\000c\000e}{}% 6
\BOOKMARK [1][-]{section.5}{\376\377\000Y\000i\000e\000l\000d\000\040\000t\000o\000\040\000M\000a\000t\000u\000r\000i\000t\000y\000:\000\040\000T\000h\000e\000\040\000I\000n\000v\000e\000r\000s\000e\000\040\000P\000r\000o\000b\000l\000e\000m}{}% 7
\BOOKMARK [1][-]{section.6}{\376\377\000Y\000i\000e\000l\000d\000\040\000C\000u\000r\000v\000e\000\040\000I\000n\000t\000e\000r\000p\000o\000l\000a\000t\000i\000o\000n}{}% 8
\BOOKMARK [2][-]{subsection.6.1}{\376\377\000L\000i\000n\000e\000a\000r\000\040\000i\000n\000t\000e\000r\000p\000o\000l\000a\000t\000i\000o\000n}{section.6}% 9
\BOOKMARK [2][-]{subsection.6.2}{\376\377\000C\000u\000b\000i\000c\000\040\000s\000p\000l\000i\000n\000e\000\040\000i\000n\000t\000e\000r\000p\000o\000l\000a\000t\000i\000o\000n}{section.6}% 10
\BOOKMARK [2][-]{subsection.6.3}{\376\377\000N\000e\000l\000s\000o\000n\000-\000S\000i\000e\000g\000e\000l\000\040\000m\000o\000d\000e\000l}{section.6}% 11
\BOOKMARK [2][-]{subsection.6.4}{\376\377\000N\000e\000l\000s\000o\000n\000-\000S\000i\000e\000g\000e\000l\000-\000S\000v\000e\000n\000s\000s\000o\000n\000\040\000\050\000N\000S\000S\000\051\000\040\000e\000x\000t\000e\000n\000s\000i\000o\000n}{section.6}% 12
\BOOKMARK [1][-]{section.7}{\376\377\000D\000u\000r\000a\000t\000i\000o\000n}{}% 13
\BOOKMARK [2][-]{subsection.7.1}{\376\377\000M\000a\000c\000a\000u\000l\000a\000y\000\040\000d\000u\000r\000a\000t\000i\000o\000n}{section.7}% 14
\BOOKMARK [2][-]{subsection.7.2}{\376\377\000M\000o\000d\000i\000f\000i\000e\000d\000\040\000d\000u\000r\000a\000t\000i\000o\000n}{section.7}% 15
\BOOKMARK [1][-]{section.8}{\376\377\000D\000V\0000\0001\000\040\000\050\000D\000o\000l\000l\000a\000r\000\040\000D\000u\000r\000a\000t\000i\000o\000n\000\051}{}% 16
\BOOKMARK [1][-]{section.9}{\376\377\000C\000o\000n\000v\000e\000x\000i\000t\000y}{}% 17
\BOOKMARK [1][-]{section.10}{\376\377\000K\000e\000y\000\040\000R\000a\000t\000e\000\040\000D\000u\000r\000a\000t\000i\000o\000n\000\040\000a\000n\000d\000\040\000K\000R\0000\0001}{}% 18
\BOOKMARK [2][-]{subsection.10.1}{\376\377\000D\000i\000s\000c\000o\000u\000n\000t\000i\000n\000g\000\040\000o\000f\000f\000\040\000t\000h\000e\000\040\000c\000u\000r\000v\000e}{section.10}% 19
\BOOKMARK [2][-]{subsection.10.2}{\376\377\000T\000r\000i\000a\000n\000g\000u\000l\000a\000r\000\040\000k\000e\000y\000\040\000r\000a\000t\000e\000\040\000s\000h\000o\000c\000k\000s}{section.10}% 20
\BOOKMARK [1][-]{section.11}{\376\377\000Y\000i\000e\000l\000d\000\040\000C\000u\000r\000v\000e\000\040\000S\000h\000o\000c\000k\000s}{}% 21
\BOOKMARK [2][-]{subsection.11.1}{\376\377\000P\000a\000r\000a\000l\000l\000e\000l\000\040\000s\000h\000o\000c\000k\000s}{section.11}% 22
\BOOKMARK [2][-]{subsection.11.2}{\376\377\000N\000o\000n\000-\000p\000a\000r\000a\000l\000l\000e\000l\000\040\000s\000h\000o\000c\000k\000s}{section.11}% 23
\BOOKMARK [2][-]{subsection.11.3}{\376\377\000P\000\046\000L\000\040\000a\000t\000t\000r\000i\000b\000u\000t\000i\000o\000n}{section.11}% 24
\BOOKMARK [1][-]{section.12}{\376\377\000P\000o\000r\000t\000f\000o\000l\000i\000o\000\040\000A\000g\000g\000r\000e\000g\000a\000t\000i\000o\000n}{}% 25
\BOOKMARK [1][-]{section.13}{\376\377\000M\000o\000d\000e\000l\000i\000n\000g\000\040\000S\000i\000m\000p\000l\000i\000f\000i\000c\000a\000t\000i\000o\000n\000s\000\040\000a\000n\000d\000\040\000L\000i\000m\000i\000t\000a\000t\000i\000o\000n\000s}{}% 26
